------------------------------------------------------------
Timing Analyzer Summary
------------------------------------------------------------

Type  : Slow 1200mV 85C Model Setup 'clk'
Slack : -14.826
TNS   : -508.059

Type  : Slow 1200mV 85C Model Setup 'simple_struct:u0|usart:usart_0|bit_clk'
Slack : -1.915
TNS   : -6.400

Type  : Slow 1200mV 85C Model Hold 'clk'
Slack : 0.434
TNS   : 0.000

Type  : Slow 1200mV 85C Model Hold 'simple_struct:u0|usart:usart_0|bit_clk'
Slack : 0.454
TNS   : 0.000

Type  : Slow 1200mV 85C Model Recovery 'clk'
Slack : -1.617
TNS   : -128.635

Type  : Slow 1200mV 85C Model Recovery 'simple_struct:u0|usart:usart_0|bit_clk'
Slack : -0.509
TNS   : -3.054

Type  : Slow 1200mV 85C Model Removal 'simple_struct:u0|usart:usart_0|bit_clk'
Slack : 0.827
TNS   : 0.000

Type  : Slow 1200mV 85C Model Removal 'clk'
Slack : 1.189
TNS   : 0.000

Type  : Slow 1200mV 85C Model Minimum Pulse Width 'clk'
Slack : -3.000
TNS   : -236.459

Type  : Slow 1200mV 85C Model Minimum Pulse Width 'simple_struct:u0|usart:usart_0|bit_clk'
Slack : -1.487
TNS   : -8.922

Type  : Slow 1200mV 0C Model Setup 'clk'
Slack : -13.529
TNS   : -464.850

Type  : Slow 1200mV 0C Model Setup 'simple_struct:u0|usart:usart_0|bit_clk'
Slack : -1.691
TNS   : -5.446

Type  : Slow 1200mV 0C Model Hold 'clk'
Slack : 0.384
TNS   : 0.000

Type  : Slow 1200mV 0C Model Hold 'simple_struct:u0|usart:usart_0|bit_clk'
Slack : 0.402
TNS   : 0.000

Type  : Slow 1200mV 0C Model Recovery 'clk'
Slack : -1.456
TNS   : -112.662

Type  : Slow 1200mV 0C Model Recovery 'simple_struct:u0|usart:usart_0|bit_clk'
Slack : -0.394
TNS   : -2.364

Type  : Slow 1200mV 0C Model Removal 'simple_struct:u0|usart:usart_0|bit_clk'
Slack : 0.682
TNS   : 0.000

Type  : Slow 1200mV 0C Model Removal 'clk'
Slack : 1.044
TNS   : 0.000

Type  : Slow 1200mV 0C Model Minimum Pulse Width 'clk'
Slack : -3.000
TNS   : -236.459

Type  : Slow 1200mV 0C Model Minimum Pulse Width 'simple_struct:u0|usart:usart_0|bit_clk'
Slack : -1.487
TNS   : -8.922

Type  : Fast 1200mV 0C Model Setup 'clk'
Slack : -5.924
TNS   : -133.875

Type  : Fast 1200mV 0C Model Setup 'simple_struct:u0|usart:usart_0|bit_clk'
Slack : -0.279
TNS   : -0.279

Type  : Fast 1200mV 0C Model Hold 'clk'
Slack : 0.179
TNS   : 0.000

Type  : Fast 1200mV 0C Model Hold 'simple_struct:u0|usart:usart_0|bit_clk'
Slack : 0.187
TNS   : 0.000

Type  : Fast 1200mV 0C Model Recovery 'clk'
Slack : -0.195
TNS   : -6.823

Type  : Fast 1200mV 0C Model Recovery 'simple_struct:u0|usart:usart_0|bit_clk'
Slack : 0.342
TNS   : 0.000

Type  : Fast 1200mV 0C Model Removal 'simple_struct:u0|usart:usart_0|bit_clk'
Slack : 0.267
TNS   : 0.000

Type  : Fast 1200mV 0C Model Removal 'clk'
Slack : 0.502
TNS   : 0.000

Type  : Fast 1200mV 0C Model Minimum Pulse Width 'clk'
Slack : -3.000
TNS   : -208.038

Type  : Fast 1200mV 0C Model Minimum Pulse Width 'simple_struct:u0|usart:usart_0|bit_clk'
Slack : -1.000
TNS   : -6.000

------------------------------------------------------------
